*** Using Compiler 'V5.06 update 7 (build 960)', folder: 'E:\Keil_v5\ARM\ARMCC\Bin'
Build target 'rtthread'
compiling main.c...
E:\Keil_v5\Packs\NXP\MIMXRT1064_DFP\15.0.0\MIMXRT1064.h(274): error:  #5: cannot open source input file "core_cm7.h": No such file or directory
  #include "core_cm7.h"                  /* Core Peripheral Access Layer */
applications\main.c: 0 warnings, 1 error
compiling pipe.c...
"no source": Error:  #5: cannot open source input file "..\..\..\..\..\components\drivers\ipc\pipe.c": No such file or directory
..\..\..\..\..\components\drivers\ipc\pipe.c: 0 warnings, 1 error
compiling drv_common.c...
"no source": Error:  #5: cannot open source input file "..\libraries\drivers\drv_common.c": No such file or directory
..\libraries\drivers\drv_common.c: 0 warnings, 1 error
compiling ctime.c...
"no source": Error:  #5: cannot open source input file "..\..\..\..\..\components\libc\compilers\common\ctime.c": No such file or directory
..\..\..\..\..\components\libc\compilers\common\ctime.c: 0 warnings, 1 error
compiling drv_gpio.c...
"no source": Error:  #5: cannot open source input file "..\libraries\drivers\drv_gpio.c": No such file or directory
..\libraries\drivers\drv_gpio.c: 0 warnings, 1 error
compiling serial.c...
"no source": Error:  #5: cannot open source input file "..\..\..\..\..\components\drivers\serial\serial.c": No such file or directory
..\..\..\..\..\components\drivers\serial\serial.c: 0 warnings, 1 error
compiling cunistd.c...
"no source": Error:  #5: cannot open source input file "..\..\..\..\..\components\libc\compilers\common\cunistd.c": No such file or directory
..\..\..\..\..\components\libc\compilers\common\cunistd.c: 0 warnings, 1 error
compiling pin.c...
"no source": Error:  #5: cannot open source input file "..\..\..\..\..\components\drivers\pin\pin.c": No such file or directory
..\..\..\..\..\components\drivers\pin\pin.c: 0 warnings, 1 error
compiling cstdlib.c...
"no source": Error:  #5: cannot open source input file "..\..\..\..\..\components\libc\compilers\common\cstdlib.c": No such file or directory
..\..\..\..\..\components\libc\compilers\common\cstdlib.c: 0 warnings, 1 error
compiling clock_config.c...
board\MCUX_Config\clock_config.h(4): error:  #5: cannot open source input file "fsl_common.h": No such file or directory
  #include "fsl_common.h"
board\MCUX_Config\clock_config.c: 0 warnings, 1 error
compiling cstring.c...
"no source": Error:  #5: cannot open source input file "..\..\..\..\..\components\libc\compilers\common\cstring.c": No such file or directory
..\..\..\..\..\components\libc\compilers\common\cstring.c: 0 warnings, 1 error
compiling dataqueue.c...
"no source": Error:  #5: cannot open source input file "..\..\..\..\..\components\drivers\ipc\dataqueue.c": No such file or directory
..\..\..\..\..\components\drivers\ipc\dataqueue.c: 0 warnings, 1 error
compiling workqueue.c...
"no source": Error:  #5: cannot open source input file "..\..\..\..\..\components\drivers\ipc\workqueue.c": No such file or directory
..\..\..\..\..\components\drivers\ipc\workqueue.c: 0 warnings, 1 error
compiling waitqueue.c...
"no source": Error:  #5: cannot open source input file "..\..\..\..\..\components\drivers\ipc\waitqueue.c": No such file or directory
..\..\..\..\..\components\drivers\ipc\waitqueue.c: 0 warnings, 1 error
compiling board.c...
board\board.c(11): error:  #5: cannot open source input file "rthw.h": No such file or directory
  #include <rthw.h>
board\board.c: 0 warnings, 1 error
compiling cctype.c...
"no source": Error:  #5: cannot open source input file "..\..\..\..\..\components\libc\compilers\common\cctype.c": No such file or directory
..\..\..\..\..\components\libc\compilers\common\cctype.c: 0 warnings, 1 error
compiling pin_mux.c...
board\MCUX_Config\pin_mux.c(28): error:  #5: cannot open source input file "fsl_common.h": No such file or directory
  #include "fsl_common.h"
board\MCUX_Config\pin_mux.c: 0 warnings, 1 error
compiling device.c...
"no source": Error:  #5: cannot open source input file "..\..\..\..\..\components\drivers\core\device.c": No such file or directory
..\..\..\..\..\components\drivers\core\device.c: 0 warnings, 1 error
compiling cwchar.c...
"no source": Error:  #5: cannot open source input file "..\..\..\..\..\components\libc\compilers\common\cwchar.c": No such file or directory
..\..\..\..\..\components\libc\compilers\common\cwchar.c: 0 warnings, 1 error
compiling ringbuffer.c...
"no source": Error:  #5: cannot open source input file "..\..\..\..\..\components\drivers\ipc\ringbuffer.c": No such file or directory
..\..\..\..\..\components\drivers\ipc\ringbuffer.c: 0 warnings, 1 error
compiling syscalls.c...
"no source": Error:  #5: cannot open source input file "..\..\..\..\..\components\libc\compilers\armlibc\syscalls.c": No such file or directory
..\..\..\..\..\components\libc\compilers\armlibc\syscalls.c: 0 warnings, 1 error
compiling completion.c...
"no source": Error:  #5: cannot open source input file "..\..\..\..\..\components\drivers\ipc\completion.c": No such file or directory
..\..\..\..\..\components\drivers\ipc\completion.c: 0 warnings, 1 error
compiling ringblk_buf.c...
"no source": Error:  #5: cannot open source input file "..\..\..\..\..\components\drivers\ipc\ringblk_buf.c": No such file or directory
..\..\..\..\..\components\drivers\ipc\ringblk_buf.c: 0 warnings, 1 error
compiling syscall_mem.c...
"no source": Error:  #5: cannot open source input file "..\..\..\..\..\components\libc\compilers\armlibc\syscall_mem.c": No such file or directory
..\..\..\..\..\components\libc\compilers\armlibc\syscall_mem.c: 0 warnings, 1 error
compiling drv_uart.c...
"no source": Error:  #5: cannot open source input file "..\libraries\drivers\drv_uart.c": No such file or directory
..\libraries\drivers\drv_uart.c: 0 warnings, 1 error
compiling msh_parse.c...
"no source": Error:  #5: cannot open source input file "..\..\..\..\..\components\finsh\msh_parse.c": No such file or directory
..\..\..\..\..\components\finsh\msh_parse.c: 0 warnings, 1 error
compiling msh.c...
"no source": Error:  #5: cannot open source input file "..\..\..\..\..\components\finsh\msh.c": No such file or directory
..\..\..\..\..\components\finsh\msh.c: 0 warnings, 1 error
compiling cmd.c...
"no source": Error:  #5: cannot open source input file "..\..\..\..\..\components\finsh\cmd.c": No such file or directory
..\..\..\..\..\components\finsh\cmd.c: 0 warnings, 1 error
compiling shell.c...
"no source": Error:  #5: cannot open source input file "..\..\..\..\..\components\finsh\shell.c": No such file or directory
..\..\..\..\..\components\finsh\shell.c: 0 warnings, 1 error
compiling clock.c...
"no source": Error:  #5: cannot open source input file "..\..\..\..\..\src\clock.c": No such file or directory
..\..\..\..\..\src\clock.c: 0 warnings, 1 error
compiling components.c...
"no source": Error:  #5: cannot open source input file "..\..\..\..\..\src\components.c": No such file or directory
..\..\..\..\..\src\components.c: 0 warnings, 1 error
compiling idle.c...
"no source": Error:  #5: cannot open source input file "..\..\..\..\..\src\idle.c": No such file or directory
..\..\..\..\..\src\idle.c: 0 warnings, 1 error
compiling ipc.c...
"no source": Error:  #5: cannot open source input file "..\..\..\..\..\src\ipc.c": No such file or directory
..\..\..\..\..\src\ipc.c: 0 warnings, 1 error
compiling irq.c...
"no source": Error:  #5: cannot open source input file "..\..\..\..\..\src\irq.c": No such file or directory
..\..\..\..\..\src\irq.c: 0 warnings, 1 error
compiling kstdio.c...
"no source": Error:  #5: cannot open source input file "..\..\..\..\..\src\klibc\kstdio.c": No such file or directory
..\..\..\..\..\src\klibc\kstdio.c: 0 warnings, 1 error
compiling kstring.c...
"no source": Error:  #5: cannot open source input file "..\..\..\..\..\src\klibc\kstring.c": No such file or directory
..\..\..\..\..\src\klibc\kstring.c: 0 warnings, 1 error
compiling kservice.c...
"no source": Error:  #5: cannot open source input file "..\..\..\..\..\src\kservice.c": No such file or directory
..\..\..\..\..\src\kservice.c: 0 warnings, 1 error
compiling memheap.c...
"no source": Error:  #5: cannot open source input file "..\..\..\..\..\src\memheap.c": No such file or directory
..\..\..\..\..\src\memheap.c: 0 warnings, 1 error
compiling mempool.c...
"no source": Error:  #5: cannot open source input file "..\..\..\..\..\src\mempool.c": No such file or directory
..\..\..\..\..\src\mempool.c: 0 warnings, 1 error
compiling object.c...
"no source": Error:  #5: cannot open source input file "..\..\..\..\..\src\object.c": No such file or directory
..\..\..\..\..\src\object.c: 0 warnings, 1 error
compiling scheduler_comm.c...
"no source": Error:  #5: cannot open source input file "..\..\..\..\..\src\scheduler_comm.c": No such file or directory
..\..\..\..\..\src\scheduler_comm.c: 0 warnings, 1 error
compiling scheduler_up.c...
"no source": Error:  #5: cannot open source input file "..\..\..\..\..\src\scheduler_up.c": No such file or directory
..\..\..\..\..\src\scheduler_up.c: 0 warnings, 1 error
compiling thread.c...
"no source": Error:  #5: cannot open source input file "..\..\..\..\..\src\thread.c": No such file or directory
..\..\..\..\..\src\thread.c: 0 warnings, 1 error
compiling timer.c...
"no source": Error:  #5: cannot open source input file "..\..\..\..\..\src\timer.c": No such file or directory
..\..\..\..\..\src\timer.c: 0 warnings, 1 error
compiling div0.c...
"no source": Error:  #5: cannot open source input file "..\..\..\..\..\libcpu\arm\common\div0.c": No such file or directory
..\..\..\..\..\libcpu\arm\common\div0.c: 0 warnings, 1 error
compiling showmem.c...
"no source": Error:  #5: cannot open source input file "..\..\..\..\..\libcpu\arm\common\showmem.c": No such file or directory
..\..\..\..\..\libcpu\arm\common\showmem.c: 0 warnings, 1 error
assembling context_rvds.S...
context_rvds.S: error: A1023E: File "..\..\..\..\..\libcpu\arm\cortex-m7\context_rvds.S" could not be opened: No such file or directory
compiling cpu_cache.c...
"no source": Error:  #5: cannot open source input file "..\..\..\..\..\libcpu\arm\cortex-m7\cpu_cache.c": No such file or directory
..\..\..\..\..\libcpu\arm\cortex-m7\cpu_cache.c: 0 warnings, 1 error
compiling cpuport.c...
"no source": Error:  #5: cannot open source input file "..\..\..\..\..\libcpu\arm\cortex-m7\cpuport.c": No such file or directory
..\..\..\..\..\libcpu\arm\cortex-m7\cpuport.c: 0 warnings, 1 error
compiling fsl_common.c...
"no source": Error:  #5: cannot open source input file "..\libraries\MIMXRT1064\MIMXRT1064\drivers\fsl_common.c": No such file or directory
..\libraries\MIMXRT1064\MIMXRT1064\drivers\fsl_common.c: 0 warnings, 1 error
compiling fsl_clock.c...
"no source": Error:  #5: cannot open source input file "..\libraries\MIMXRT1064\MIMXRT1064\drivers\fsl_clock.c": No such file or directory
..\libraries\MIMXRT1064\MIMXRT1064\drivers\fsl_clock.c: 0 warnings, 1 error
compiling fsl_gpio.c...
"no source": Error:  #5: cannot open source input file "..\libraries\MIMXRT1064\MIMXRT1064\drivers\fsl_gpio.c": No such file or directory
..\libraries\MIMXRT1064\MIMXRT1064\drivers\fsl_gpio.c: 0 warnings, 1 error
compiling fsl_cache.c...
"no source": Error:  #5: cannot open source input file "..\libraries\MIMXRT1064\MIMXRT1064\drivers\fsl_cache.c": No such file or directory
..\libraries\MIMXRT1064\MIMXRT1064\drivers\fsl_cache.c: 0 warnings, 1 error
compiling fsl_lpuart.c...
"no source": Error:  #5: cannot open source input file "..\libraries\MIMXRT1064\MIMXRT1064\drivers\fsl_lpuart.c": No such file or directory
..\libraries\MIMXRT1064\MIMXRT1064\drivers\fsl_lpuart.c: 0 warnings, 1 error
assembling startup_MIMXRT1064.s...
startup_MIMXRT1064.s: error: A1023E: File "..\libraries\MIMXRT1064\MIMXRT1064\arm\startup_MIMXRT1064.s" could not be opened: No such file or directory
compiling system_MIMXRT1064.c...
"no source": Error:  #5: cannot open source input file "..\libraries\MIMXRT1064\MIMXRT1064\system_MIMXRT1064.c": No such file or directory
..\libraries\MIMXRT1064\MIMXRT1064\system_MIMXRT1064.c: 0 warnings, 1 error
compiling evkmimxrt1064_flexspi_nor_config.c...
xip\evkmimxrt1064_flexspi_nor_config.h(13): error:  #5: cannot open source input file "fsl_common.h": No such file or directory
  #include "fsl_common.h"
xip\evkmimxrt1064_flexspi_nor_config.c: 0 warnings, 1 error
compiling fsl_flexspi_nor_boot.c...
board\board.h(15): error:  #5: cannot open source input file "fsl_common.h": No such file or directory
  #include "fsl_common.h"
xip\fsl_flexspi_nor_boot.c: 0 warnings, 1 error
".\build\keil\Obj\rtthread.axf" - 58 Error(s), 0 Warning(s).
Target not created.
Build Time Elapsed:  00:00:02
